<html>
<body>
<pre>
<h1>µVision Build Log</h1>
<h2>Tool Versions:</h2>
IDE-Version: ¦ÌVision V5.24.2.0
Copyright (C) 2017 ARM Ltd and ARM Germany GmbH. All rights reserved.
License Information: AAA 8614769175107, AAA, LIC=VGXG8-30BGI-EV21R-KBE8V-0EQBX-TDHUN
 
Tool Versions:
Toolchain:       MDK-ARM Plus  Version: 5.24.1
Toolchain Path:  E:\Software installation\ARM\ARMCC\Bin
C Compiler:      Armcc.exe V5.06 update 5 (build 528)
Assembler:       Armasm.exe V5.06 update 5 (build 528)
Linker/Locator:  ArmLink.exe V5.06 update 5 (build 528)
Library Manager: ArmAr.exe V5.06 update 5 (build 528)
Hex Converter:   FromElf.exe V5.06 update 5 (build 528)
CPU DLL:         SARMCM3.DLL V5.24.1
Dialog DLL:      DCM.DLL V1.16.0.0
Target DLL:      STLink\ST-LINKIII-KEIL_SWO.dll V3.0.1.0
Dialog DLL:      TCM.DLL V1.32.0.0
 
<h2>Project:</h2>
D:\H\FOC\´úÂë\7.14\stepper\RVMDK\RVMDKN32G45X\PL_PMSM.uvprojx
Project File Date:  07/28/2025

<h2>Output:</h2>
*** Using Compiler 'V5.06 update 5 (build 528)', folder: 'E:\Software installation\ARM\ARMCC\Bin'
Build target 'BLDC'
compiling SVPWM_steper.c...
compiling SpeedPlan2.c...
compiling PidIqs.c...
compiling Pidposition.c...
linking...
Program Size: Code=63944 RO-data=2404 RW-data=5168 ZI-data=66760  
FromELF: creating hex file...
After Build - User command #1: fromelf.exe --bin --output Obj/PL_SM_DRIVER.bin Obj/PL_SM_DRIVER.axf
".\Obj\PL_SM_DRIVER.axf" - 0 Error(s), 0 Warning(s).

<h2>Software Packages used:</h2>

Package Vendor: NSING
                https://www.nsing.com.sg/public/uploads/armpacks/NSING.N32G45x_DFP.1.0.7.pack
                NSING.N32G45x_DFP.1.0.7
                Nsing N32G45x Series Device Support, Drivers and Examples

<h2>Collection of Component include folders:</h2>
  .\RTE\_BLDC
  E:\Software installation\ARM\PACK\NSING\N32G45x_DFP\1.0.7\firmware\CMSIS\device

<h2>Collection of Component Files used:</h2>
Build Time Elapsed:  00:00:03
</pre>
</body>
</html>
