Component: ARM Compiler 5.06 update 5 (build 528) Tool: armlink [4d35e2]

==============================================================================

Section Cross References

    main.o(.text) refers to system_init.o(.text) for System_Init
    main.o(.text) refers to function.o(.text) for ReadVar
    main.o(.text) refers to spi.o(.text) for delay_Ms
    main.o(.text) refers to mb.o(.text) for eMBInit
    main.o(.text) refers to canopen_interface.o(.text) for CANopen_Init
    main.o(.text) refers to uart_interface.o(.text) for Modbus_Task
    main.o(.text) refers to uartmode.o(.text) for UartMode_Runing
    main.o(.text) refers to cia402.o(.text) for CiA402Mode_Runing
    main.o(.text) refers to main.o(.bss) for .bss
    main.o(.text) refers to main.o(.data) for .data
    main.o(.data) refers to pidids.o(.text) for pidids_calc
    main.o(.data) refers to pidtorque.o(.text) for pidtorque_calc
    main.o(.data) refers to pidspeed.o(.text) for pidspeed_calc
    main.o(.data) refers to pidiqs.o(.text) for pidIqs_calc
    main.o(.data) refers to pidc.o(.text) for pidc_calc
    main.o(.data) refers to pidholding.o(.text) for Pidholding_calc
    main.o(.data) refers to pidposition.o(.text) for pidposition_calc
    startup_n32g45x.o(RESET) refers to startup_n32g45x.o(STACK) for __initial_sp
    startup_n32g45x.o(RESET) refers to startup_n32g45x.o(.text) for Reset_Handler
    startup_n32g45x.o(RESET) refers to system_init.o(.text) for SysTick_Handler
    startup_n32g45x.o(RESET) refers to uart_interface.o(.text) for DMA1_Channel2_IRQHandler
    startup_n32g45x.o(RESET) refers to canopen_interface.o(.text) for USB_LP_CAN1_RX0_IRQHandler
    startup_n32g45x.o(RESET) refers to systemclock.o(.text) for TIM2_IRQHandler
    startup_n32g45x.o(RESET) refers to spi.o(.text) for SPI3_IRQHandler
    startup_n32g45x.o(.text) refers to system_n32g45x.o(.text) for SystemInit
    startup_n32g45x.o(.text) refers to entry.o(.ARM.Collect$$$$00000000) for __main
    system_n32g45x.o(.text) refers to system_n32g45x.o(.data) for .data
    system_n32g45x.o(.text) refers to system_n32g45x.o(.constdata) for .constdata
    system_init.o(.text) refers to n32g45x_rcc.o(.text) for RCC_EnableAPB1PeriphClk
    system_init.o(.text) refers to systemclock.o(.text) for SystemClk_Init
    system_init.o(.text) refers to pwm_step.o(.text) for Pwm_Init
    system_init.o(.text) refers to adc.o(.text) for Adc_Init
    system_init.o(.text) refers to spi.o(.text) for MT6835_Init
    system_init.o(.text) refers to uart_interface.o(.text) for Modbus_DMA_Init
    system_init.o(.text) refers to timer.o(.text) for Timeing
    system_init.o(.text) refers to svpwmisr.o(.text) for SpeedCalculate
    system_init.o(.text) refers to n32g45x_adc.o(.text) for ADC_GetIntStatus
    system_init.o(.text) refers to n32g45x_tim.o(.text) for TIM_GetIntStatus
    system_init.o(.text) refers to main.o(.bss) for timer
    system_init.o(.text) refers to system_init.o(.bss) for .bss
    system_init.o(.text) refers to system_init.o(.data) for .data
    systemclock.o(.text) refers to n32g45x_rcc.o(.text) for RCC_DeInit
    systemclock.o(.text) refers to n32g45x_flash.o(.text) for FLASH_iCacheCmd
    systemclock.o(.text) refers to n32g45x_gpio.o(.text) for GPIO_ConfigPinRemap
    systemclock.o(.text) refers to n32g45x_tim.o(.text) for TIM_InitTimBaseStruct
    systemclock.o(.text) refers to misc.o(.text) for NVIC_Init
    systemclock.o(.text) refers to spi.o(.text) for Delay_Us
    systemclock.o(.text) refers to main.o(.data) for SpiReadState
    systemclock.o(.text) refers to main.o(.data) for SpiReadState2
    systemclock.o(.text) refers to main.o(.bss) for UartMode
    systemclock.o(.text) refers to systemclock.o(.data) for .data
    adc.o(.text) refers to n32g45x_adc.o(.text) for ADC_DeInit
    adc.o(.text) refers to misc.o(.text) for NVIC_PriorityGroupConfig
    spi.o(.text) refers to n32g45x_spi.o(.text) for SPI_I2S_GetStatus
    spi.o(.text) refers to n32g45x_gpio.o(.text) for GPIO_SetBits
    spi.o(.text) refers to misc.o(.text) for NVIC_Init
    spi.o(.text) refers to main.o(.data) for SpiReadState
    spi.o(.text) refers to spi.o(.data) for .data
    spi.o(.text) refers to main.o(.bss) for MotorControler
    spi.o(.text) refers to main.o(.data) for SpiReadState2
    pwm_step.o(.text) refers to n32g45x_tim.o(.text) for TIM_DeInit
    pwm_step.o(.text) refers to n32g45x_gpio.o(.text) for GPIO_ResetBits
    pwm_step.o(.text) refers to main.o(.bss) for SystemError
    n32g45x_adc.o(.text) refers to n32g45x_rcc.o(.text) for RCC_EnableAHBPeriphReset
    n32g45x_bkp.o(.text) refers to n32g45x_rcc.o(.text) for RCC_EnableBackupReset
    n32g45x_can.o(.text) refers to n32g45x_rcc.o(.text) for RCC_EnableAPB1PeriphReset
    n32g45x_comp.o(.text) refers to n32g45x_rcc.o(.text) for RCC_EnableAPB1PeriphReset
    n32g45x_dac.o(.text) refers to n32g45x_rcc.o(.text) for RCC_EnableAPB1PeriphReset
    n32g45x_dvp.o(.text) refers to n32g45x_rcc.o(.text) for RCC_EnableAPB2PeriphReset
[...]
    AHBPrescTable                            0x0800fb60   Data          16  system_n32g45x.o(.constdata)
    _IQ31CosLookup                           0x0800fbb0   Data         208  _iqntables.o(.constdata)
    _IQ31SinLookup                           0x0800fc80   Data         208  _iqntables.o(.constdata)
    Ds402_Slave_iam_a_slave                  0x0800ff90   Data           1  ds402_slave.o(.constdata)
    Ds402_Slave_objdict                      0x0800ff94   Data         528  ds402_slave.o(.constdata)
    Ds402_Slave_firstIndex                   0x080101a4   Data          12  ds402_slave.o(.constdata)
    Ds402_Slave_lastIndex                    0x080101b0   Data          12  ds402_slave.o(.constdata)
    Ds402_Slave_ObjdictSize                  0x080101bc   Data           2  ds402_slave.o(.constdata)
    Region$$Table$$Base                      0x0801030c   Number         0  anon$$obj.o(Region$$Table)
    Region$$Table$$Limit                     0x0801032c   Number         0  anon$$obj.o(Region$$Table)
    SoftwareVersion                          0x20000000   Data           2  main.o(.data)
    modify                                   0x20000002   Data           4  main.o(.data)
    HardwareVersion                          0x20000006   Data           2  main.o(.data)
    MotorVersion                             0x20000008   Data           2  main.o(.data)
    UdsPid                                   0x2000000c   Data          52  main.o(.data)
    pidptv                                   0x20000040   Data          52  main.o(.data)
    pidpv                                    0x20000074   Data          52  main.o(.data)
    UqsPid                                   0x200000a8   Data          64  main.o(.data)
    pidpt                                    0x200000e8   Data          52  main.o(.data)
    pidholding                               0x2000011c   Data          64  main.o(.data)
    pidc_position                            0x20000160   Data          88  main.o(.data)
    svpwm                                    0x200001b8   Data          76  main.o(.data)
    CanOpenMode                              0x20000204   Data          44  main.o(.data)
    Uds_OutMax                               0x20000230   Data           2  main.o(.data)
    Uds_OutMin                               0x20000232   Data           2  main.o(.data)
    Uds_UiMax                                0x20000234   Data           4  main.o(.data)
    Uds_UiMin                                0x20000238   Data           4  main.o(.data)
    Uds_Kp                                   0x2000023c   Data           2  main.o(.data)
    Uds_Ki                                   0x2000023e   Data           2  main.o(.data)
    Uqs_OutMax                               0x20000240   Data           2  main.o(.data)
    Uqs_OutMin                               0x20000242   Data           2  main.o(.data)
    Uqs_UiMax                                0x20000244   Data           4  main.o(.data)
    Uqs_UiMin                                0x20000248   Data           4  main.o(.data)
    Uqs_Kp                                   0x2000024c   Data           2  main.o(.data)
    Uqs_Ki                                   0x2000024e   Data           2  main.o(.data)
    pidpt_OutMax                             0x20000250   Data           2  main.o(.data)
    pidpt_OutMin                             0x20000252   Data           2  main.o(.data)
    pidpt_UiMax                              0x20000254   Data           4  main.o(.data)
    pidpt_UiMin                              0x20000258   Data           4  main.o(.data)
    pidpt_Kp                                 0x2000025c   Data           2  main.o(.data)
    pidpt_Ki                                 0x2000025e   Data           2  main.o(.data)
    pidpv_OutMax                             0x20000260   Data           2  main.o(.data)
    pidpv_OutMin                             0x20000262   Data           2  main.o(.data)
    pidpv_UiMax                              0x20000264   Data           4  main.o(.data)
    pidpv_UiMin                              0x20000268   Data           4  main.o(.data)
    pidpv_Kp                                 0x2000026c   Data           4  main.o(.data)
    pidpv_Ki                                 0x20000270   Data           4  main.o(.data)
    pidc_position_OutMax                     0x20000274   Data           2  main.o(.data)
    pidc_position_OutMin                     0x20000276   Data           2  main.o(.data)
    pidc_position_UiMax                      0x20000278   Data           4  main.o(.data)
    pidc_position_UiMin                      0x2000027c   Data           4  main.o(.data)
    pidc_position_Kp                         0x20000280   Data           2  main.o(.data)
    pidc_position_Ki                         0x20000282   Data           2  main.o(.data)
    pidholding_OutMax                        0x20000284   Data           2  main.o(.data)
    pidholding_OutMin                        0x20000286   Data           2  main.o(.data)
    pidholding_UiMax                         0x20000288   Data           4  main.o(.data)
    pidholding_UiMin                         0x2000028c   Data           4  main.o(.data)
    pidholding_Kp                            0x20000290   Data           2  main.o(.data)
    pidholding_Ki                            0x20000292   Data           2  main.o(.data)
    LedStateR                                0x20000294   Data           2  main.o(.data)
    LedStateG                                0x20000296   Data           2  main.o(.data)
    SpiReadState                             0x20000298   Data           2  main.o(.data)
    SpiReadState2                            0x2000029a   Data           2  main.o(.data)
    PostionPlan_accel_max                    0x2000029c   Data           4  main.o(.data)
    PostionPlan_a_accel                      0x200002a0   Data           4  main.o(.data)
    PostionPlan_a_decel                      0x200002a4   Data           4  main.o(.data)
    PostionPlan_decel_max                    0x200002a8   Data           4  main.o(.data)
    PostionPlan_vel_init                     0x200002ac   Data           2  main.o(.data)
    PostionPlan_vel_tar                      0x200002ae   Data           2  main.o(.data)
    SystemCoreClock                          0x200002b0   Data           4  system_n32g45x.o(.data)
    CurrentValue                             0x200002b4   Data           6  system_init.o(.data)
    Timer_Loop                               0x200002bc   Data           4  systemclock.o(.data)
    SpiBuffer                                0x200002c0   Data           4  spi.o(.data)
    tmp20                                    0x200002e8   Data           2  svpwmisr.o(.data)
    TEMP_Uq_filter32                         0x2000031c   Data           4  svpwmisr.o(.data)
    TEMP_Uq_filter8                          0x20000320   Data           4  svpwmisr.o(.data)
    PostionPlanStepCount                     0x20000324   Data           4  cia402.o(.data)
    PostionPlanStepMax                       0x20000328   Data           4  cia402.o(.data)
    PostionPlanStep                          0x2000032c   Data           4  cia402.o(.data)
    tmp600                                   0x20000330   Data           2  cia402.o(.data)
    shifttest                                0x20000332   Data           2  cia402.o(.data)
    shifttest1                               0x20000334   Data           2  cia402.o(.data)
    postion_direction_flag                   0x20000338   Data           1  uartmode.o(.data)
    sp_Error                                 0x20000339   Data           1  uartmode.o(.data)
    delaytime                                0x2000033a   Data           2  uartmode.o(.data)
    Istargetposition                         0x2000033c   Data           4  uartmode.o(.data)
    isNormalMode                             0x20000398   Data           2  pidspeed.o(.data)
    Uqs_Speed_Equation_Table                 0x2000039a   Data         124  pidspeed.o(.data)
    temp_Ui                                  0x20000418   Data           4  pidiqs.o(.data)
    integralAdjustFactor                     0x2000041c   Data           2  pidtorque.o(.data)
    Normal_Mode_Flag                         0x20000420   Data           2  pidtorque.o(.data)
    v1_ValueMax                              0x20000422   Data           2  pidtorque.o(.data)
    v2_ValueMax                              0x20000424   Data           2  pidtorque.o(.data)
    tempspeeda                               0x20000426   Data           2  pidposition.o(.data)
    tempspeedb                               0x20000428   Data           2  pidposition.o(.data)
    tempspeedb2                              0x2000042a   Data           2  pidposition.o(.data)
    shfitnum                                 0x20000430   Data           2  pidholding.o(.data)
    speed0                                   0x20000432   Data           2  pidholding.o(.data)
    clearflg                                 0x20000434   Data           2  pidholding.o(.data)
    errorsum1                                0x20000438   Data           8  pidholding.o(.data)
    errorsum11                               0x20000440   Data           8  pidholding.o(.data)
    errorsum111                              0x20000448   Data           8  pidholding.o(.data)
    errorsum2                                0x20000450   Data           8  pidholding.o(.data)
    errorsum22                               0x20000458   Data           8  pidholding.o(.data)
    errorsum222                              0x20000460   Data           8  pidholding.o(.data)
    accel_max_tem_multi                      0x20000468   Data           4  speedplan2.o(.data)
    decel_max_tem_multi                      0x2000046c   Data           4  speedplan2.o(.data)
    step_num                                 0x20000470   Data           4  speedplan2.o(.data)
    sp_ptr                                   0x20000474   Data           4  speedplan2.o(.data)
    tmpDs                                    0x20000478   Data           2  svpwm_steper.o(.data)
    tmpQs                                    0x2000047a   Data           2  svpwm_steper.o(.data)
    SpeedFdbpPost2                           0x2000047c   Data           2  pidc.o(.data)
    ucRTUBuf                                 0x20000484   Data           4  mbrtu.o(.data)
    pxMBFrameCBByteReceived                  0x200004a8   Data           4  mb.o(.data)
    pxMBFrameCBTransmitterEmpty              0x200004ac   Data           4  mb.o(.data)
    pxMBPortCBTimerExpired                   0x200004b0   Data           4  mb.o(.data)
    test                                     0x20000538   Data           2  uart_interface.o(.data)
    CONTROL_MODE_t                           0x2000053a   Data           2  uart_interface.o(.data)
    modbus_recv_flag                         0x2000053c   Data           4  uart_interface.o(.data)
    modbus_recv_len                          0x20000540   Data           4  uart_interface.o(.data)
    modbus_send_len                          0x20000544   Data           4  uart_interface.o(.data)
    modbus_send_flag                         0x20000548   Data           4  uart_interface.o(.data)
    test222                                  0x2000054c   Data           4  uart_interface.o(.data)
    last_timer_raw                           0x20000550   Data           2  timer_1.o(.data)
    total_sleep_time                         0x20000554   Data           4  timer_1.o(.data)
    last_counter_val                         0x20000558   Data           4  canopen_interface.o(.data)
    elapsed_time                             0x2000055c   Data           4  canopen_interface.o(.data)
    SlaveBoard                               0x20000564   Data          12  canopen_interface.o(.data)
    Controlword                              0x20000570   Data           2  ds402_slave.o(.data)
    Statusword                               0x20000572   Data           2  ds402_slave.o(.data)
    Modes_of_operation                       0x20000574   Data           1  ds402_slave.o(.data)
    Modes_of_operation_display               0x20000575   Data           1  ds402_slave.o(.data)
    Position_demannd_value                   0x20000578   Data           4  ds402_slave.o(.data)
    Position_actual_value                    0x2000057c   Data           4  ds402_slave.o(.data)
    Maximal_following_error                  0x20000580   Data           4  ds402_slave.o(.data)
    Position_window                          0x20000584   Data           4  ds402_slave.o(.data)
    Position_window_time                     0x20000588   Data           2  ds402_slave.o(.data)
    Velocity_sensor_actual_value             0x2000058c   Data           4  ds402_slave.o(.data)
    Velocity_demand_value                    0x20000590   Data           4  ds402_slave.o(.data)
    Velocity_actual_value                    0x20000594   Data           4  ds402_slave.o(.data)
    Current_actual_value                     0x20000598   Data           2  ds402_slave.o(.data)
    Target_position                          0x2000059c   Data           4  ds402_slave.o(.data)
    Home_offset                              0x200005a0   Data           4  ds402_slave.o(.data)
    Software_position_limit_Minimal_position_limit 0x200005a4   Data           4  ds402_slave.o(.data)
    Software_position_limit_Maximal_position_limit 0x200005a8   Data           4  ds402_slave.o(.data)
    Maximal_profile_velocity                 0x200005ac   Data           4  ds402_slave.o(.data)
    Profile_velocity                         0x200005b0   Data           4  ds402_slave.o(.data)
    Profile_acceleration                     0x200005b4   Data           4  ds402_slave.o(.data)
    Profile_deceleration                     0x200005b8   Data           4  ds402_slave.o(.data)
    Quick_stop_deceleration                  0x200005bc   Data           4  ds402_slave.o(.data)
    Motion_profile_type                      0x200005c0   Data           2  ds402_slave.o(.data)
    Position_notation_index                  0x200005c2   Data           1  ds402_slave.o(.data)
    Position_dimention_index                 0x200005c4   Data           4  ds402_slave.o(.data)
    Velocity_notation_index                  0x200005c8   Data           1  ds402_slave.o(.data)
    Velocity_dimention_index                 0x200005cc   Data           4  ds402_slave.o(.data)
    Acceleraion_notation_index               0x200005d0   Data           1  ds402_slave.o(.data)
    Acceleraion_dimention_index              0x200005d4   Data           4  ds402_slave.o(.data)
    Homing_method                            0x200005d8   Data           1  ds402_slave.o(.data)
    Homing_speeds_Speed_for_switch_search    0x200005dc   Data           4  ds402_slave.o(.data)
    Homing_speeds_Speed_for_zero_search      0x200005e0   Data           4  ds402_slave.o(.data)
    Homing_acceleration                      0x200005e4   Data           4  ds402_slave.o(.data)
    Current_control_parameter_set_Current_regulator_P_gain 0x200005e8   Data           2  ds402_slave.o(.data)
    Current_control_parameter_set_Current_regulator_I_gain 0x200005ea   Data           2  ds402_slave.o(.data)
    Velocity_control_parameter_set_Velocity_regulator_P_gain 0x200005ec   Data           2  ds402_slave.o(.data)
    Velocity_control_parameter_set_Velocity_regulator_I_gain 0x200005ee   Data           2  ds402_slave.o(.data)
    Position_control_parameter_set_Position_regulator_P_gain 0x200005f0   Data           2  ds402_slave.o(.data)
    Position_control_parameter_set_Position_regulator_I_gain 0x200005f2   Data           2  ds402_slave.o(.data)
    Position_control_parameter_set_Position_regulator_D_gain 0x200005f4   Data           2  ds402_slave.o(.data)
    Position_control_parameter_set_Velocity_feed_forward_factor 0x200005f6   Data           2  ds402_slave.o(.data)
    Position_control_parameter_set_Acceleration_feed_forward_factor 0x200005f8   Data           2  ds402_slave.o(.data)
    Target_velocity                          0x200005fc   Data           4  ds402_slave.o(.data)
    Motor_type                               0x20000600   Data           2  ds402_slave.o(.data)
    Motor_data_Continous_current_limit       0x20000602   Data           2  ds402_slave.o(.data)
    Motor_data_Output_current_limit          0x20000604   Data           2  ds402_slave.o(.data)
    Motor_data_Pole_pair_number              0x20000606   Data           1  ds402_slave.o(.data)
    Motor_data_Maximal_speed_in_current_mode 0x20000608   Data           2  ds402_slave.o(.data)
    Motor_data_Thermal_time_constant_winding 0x2000060a   Data           2  ds402_slave.o(.data)
    Supported_drive_modes                    0x2000060c   Data           4  ds402_slave.o(.data)
    Set_point                                0x20000610   Data           4  ds402_slave.o(.data)
    VI_Target_velocity                       0x20000614   Data           2  ds402_slave.o(.data)
    Targetl_torque                           0x20000616   Data           2  ds402_slave.o(.data)
    Pos_actual_value_enc                     0x20000618   Data           4  ds402_slave.o(.data)
    Torque_actual_value                      0x2000061c   Data           2  ds402_slave.o(.data)
    Ds402_Slave_bDeviceNodeId                0x2000061e   Data           1  ds402_slave.o(.data)
    Ds402_Slave_obj1000                      0x20000620   Data           4  ds402_slave.o(.data)
    Ds402_Slave_Index1000                    0x20000624   Data          16  ds402_slave.o(.data)
    Ds402_Slave_obj1001                      0x20000634   Data           1  ds402_slave.o(.data)
    Ds402_Slave_Index1001                    0x20000638   Data          16  ds402_slave.o(.data)
    Ds402_Slave_highestSubIndex_obj1003      0x20000648   Data           1  ds402_slave.o(.data)
    Ds402_Slave_obj1003                      0x2000064c   Data           4  ds402_slave.o(.data)
    Ds402_Slave_obj1005                      0x20000650   Data           4  ds402_slave.o(.data)
    Ds402_Slave_obj1006                      0x20000654   Data           4  ds402_slave.o(.data)
    Ds402_Slave_obj1008                      0x20000658   Data          11  ds402_slave.o(.data)
    Ds402_Slave_Index1008                    0x20000664   Data          16  ds402_slave.o(.data)
    Ds402_Slave_obj1009                      0x20000674   Data          10  ds402_slave.o(.data)
    Ds402_Slave_Index1009                    0x20000680   Data          16  ds402_slave.o(.data)
    Ds402_Slave_obj100A                      0x20000690   Data          10  ds402_slave.o(.data)
    Ds402_Slave_Index100A                    0x2000069c   Data          16  ds402_slave.o(.data)
    Ds402_Slave_obj100C                      0x200006ac   Data           2  ds402_slave.o(.data)
    Ds402_Slave_obj100D                      0x200006ae   Data           1  ds402_slave.o(.data)
    Ds402_Slave_obj1014                      0x200006b0   Data           4  ds402_slave.o(.data)
    Ds402_Slave_highestSubIndex_obj1016      0x200006b4   Data           1  ds402_slave.o(.data)
    Ds402_Slave_obj1016                      0x200006b8   Data           4  ds402_slave.o(.data)
    Ds402_Slave_obj1017                      0x200006bc   Data           2  ds402_slave.o(.data)
    Ds402_Slave_Index1017                    0x200006c0   Data          16  ds402_slave.o(.data)
    Ds402_Slave_highestSubIndex_obj1200      0x200006d0   Data           1  ds402_slave.o(.data)
    Ds402_Slave_obj1200_COB_ID_Client_to_Server_Receive_SDO 0x200006d4   Data           4  ds402_slave.o(.data)
    Ds402_Slave_obj1200_COB_ID_Server_to_Client_Transmit_SDO 0x200006d8   Data           4  ds402_slave.o(.data)
    Ds402_Slave_Index1200                    0x200006dc   Data          48  ds402_slave.o(.data)
    Ds402_Slave_highestSubIndex_obj1400      0x2000070c   Data           1  ds402_slave.o(.data)
    Ds402_Slave_obj1400_COB_ID_used_by_PDO   0x20000710   Data           4  ds402_slave.o(.data)
    Ds402_Slave_obj1400_Transmission_Type    0x20000714   Data           1  ds402_slave.o(.data)
    Ds402_Slave_obj1400_Inhibit_Time         0x20000716   Data           2  ds402_slave.o(.data)
    Ds402_Slave_obj1400_Compatibility_Entry  0x20000718   Data           1  ds402_slave.o(.data)
    Ds402_Slave_obj1400_Event_Timer          0x2000071a   Data           2  ds402_slave.o(.data)
    Ds402_Slave_obj1400_SYNC_start_value     0x2000071c   Data           1  ds402_slave.o(.data)
    Ds402_Slave_Index1400                    0x20000720   Data         112  ds402_slave.o(.data)
    Ds402_Slave_highestSubIndex_obj1401      0x20000790   Data           1  ds402_slave.o(.data)
    Ds402_Slave_obj1401_COB_ID_used_by_PDO   0x20000794   Data           4  ds402_slave.o(.data)
    Ds402_Slave_obj1401_Transmission_Type    0x20000798   Data           1  ds402_slave.o(.data)
    Ds402_Slave_obj1401_Inhibit_Time         0x2000079a   Data           2  ds402_slave.o(.data)
    Ds402_Slave_obj1401_Compatibility_Entry  0x2000079c   Data           1  ds402_slave.o(.data)
    Ds402_Slave_obj1401_Event_Timer          0x2000079e   Data           2  ds402_slave.o(.data)
    Ds402_Slave_obj1401_SYNC_start_value     0x200007a0   Data           1  ds402_slave.o(.data)
    Ds402_Slave_Index1401                    0x200007a4   Data         112  ds402_slave.o(.data)
    Ds402_Slave_highestSubIndex_obj1402      0x20000814   Data           1  ds402_slave.o(.data)
    Ds402_Slave_obj1402_COB_ID_used_by_PDO   0x20000818   Data           4  ds402_slave.o(.data)
    Ds402_Slave_obj1402_Transmission_Type    0x2000081c   Data           1  ds402_slave.o(.data)
    Ds402_Slave_obj1402_Inhibit_Time         0x2000081e   Data           2  ds402_slave.o(.data)
    Ds402_Slave_obj1402_Compatibility_Entry  0x20000820   Data           1  ds402_slave.o(.data)
    Ds402_Slave_obj1402_Event_Timer          0x20000822   Data           2  ds402_slave.o(.data)
    Ds402_Slave_obj1402_SYNC_start_value     0x20000824   Data           1  ds402_slave.o(.data)
    Ds402_Slave_Index1402                    0x20000828   Data         112  ds402_slave.o(.data)
    Ds402_Slave_highestSubIndex_obj1403      0x20000898   Data           1  ds402_slave.o(.data)
    Ds402_Slave_obj1403_COB_ID_used_by_PDO   0x2000089c   Data           4  ds402_slave.o(.data)
    Ds402_Slave_obj1403_Transmission_Type    0x200008a0   Data           1  ds402_slave.o(.data)
    Ds402_Slave_obj1403_Inhibit_Time         0x200008a2   Data           2  ds402_slave.o(.data)
    Ds402_Slave_obj1403_Compatibility_Entry  0x200008a4   Data           1  ds402_slave.o(.data)
    Ds402_Slave_obj1403_Event_Timer          0x200008a6   Data           2  ds402_slave.o(.data)
    Ds402_Slave_obj1403_SYNC_start_value     0x200008a8   Data           1  ds402_slave.o(.data)
    Ds402_Slave_Index1403                    0x200008ac   Data         112  ds402_slave.o(.data)
    Ds402_Slave_highestSubIndex_obj1600      0x2000091c   Data           1  ds402_slave.o(.data)
    Ds402_Slave_obj1600                      0x20000920   Data           8  ds402_slave.o(.data)
    Ds402_Slave_Index1600                    0x20000928   Data          48  ds402_slave.o(.data)
    Ds402_Slave_highestSubIndex_obj1601      0x20000958   Data           1  ds402_slave.o(.data)
    Ds402_Slave_obj1601                      0x2000095c   Data           8  ds402_slave.o(.data)
    Ds402_Slave_Index1601                    0x20000964   Data          48  ds402_slave.o(.data)
    Ds402_Slave_highestSubIndex_obj1602      0x20000994   Data           1  ds402_slave.o(.data)
    Ds402_Slave_obj1602                      0x20000998   Data           4  ds402_slave.o(.data)
    Ds402_Slave_Index1602                    0x2000099c   Data          32  ds402_slave.o(.data)
    Ds402_Slave_highestSubIndex_obj1603      0x200009bc   Data           1  ds402_slave.o(.data)
    Ds402_Slave_obj1603                      0x200009c0   Data           8  ds402_slave.o(.data)
    Ds402_Slave_Index1603                    0x200009c8   Data          48  ds402_slave.o(.data)
    Ds402_Slave_highestSubIndex_obj1800      0x200009f8   Data           1  ds402_slave.o(.data)
    Ds402_Slave_obj1800_COB_ID_used_by_PDO   0x200009fc   Data           4  ds402_slave.o(.data)
    Ds402_Slave_obj1800_Transmission_Type    0x20000a00   Data           1  ds402_slave.o(.data)
    Ds402_Slave_obj1800_Inhibit_Time         0x20000a02   Data           2  ds402_slave.o(.data)
    Ds402_Slave_obj1800_Compatibility_Entry  0x20000a04   Data           1  ds402_slave.o(.data)
    Ds402_Slave_obj1800_Event_Timer          0x20000a06   Data           2  ds402_slave.o(.data)
    Ds402_Slave_obj1800_SYNC_start_value     0x20000a08   Data           1  ds402_slave.o(.data)
    Ds402_Slave_Index1800                    0x20000a0c   Data         112  ds402_slave.o(.data)
    Ds402_Slave_highestSubIndex_obj1801      0x20000a7c   Data           1  ds402_slave.o(.data)
    Ds402_Slave_obj1801_COB_ID_used_by_PDO   0x20000a80   Data           4  ds402_slave.o(.data)
    Ds402_Slave_obj1801_Transmission_Type    0x20000a84   Data           1  ds402_slave.o(.data)
    Ds402_Slave_obj1801_Inhibit_Time         0x20000a86   Data           2  ds402_slave.o(.data)
    Ds402_Slave_obj1801_Compatibility_Entry  0x20000a88   Data           1  ds402_slave.o(.data)
    Ds402_Slave_obj1801_Event_Timer          0x20000a8a   Data           2  ds402_slave.o(.data)
    Ds402_Slave_obj1801_SYNC_start_value     0x20000a8c   Data           1  ds402_slave.o(.data)
    Ds402_Slave_Index1801                    0x20000a90   Data         112  ds402_slave.o(.data)
    Ds402_Slave_highestSubIndex_obj1802      0x20000b00   Data           1  ds402_slave.o(.data)
    Ds402_Slave_obj1802_COB_ID_used_by_PDO   0x20000b04   Data           4  ds402_slave.o(.data)
    Ds402_Slave_obj1802_Transmission_Type    0x20000b08   Data           1  ds402_slave.o(.data)
    Ds402_Slave_obj1802_Inhibit_Time         0x20000b0a   Data           2  ds402_slave.o(.data)
    Ds402_Slave_obj1802_Compatibility_Entry  0x20000b0c   Data           1  ds402_slave.o(.data)
    Ds402_Slave_obj1802_Event_Timer          0x20000b0e   Data           2  ds402_slave.o(.data)
    Ds402_Slave_obj1802_SYNC_start_value     0x20000b10   Data           1  ds402_slave.o(.data)
    Ds402_Slave_Index1802                    0x20000b14   Data         112  ds402_slave.o(.data)
    Ds402_Slave_highestSubIndex_obj1803      0x20000b84   Data           1  ds402_slave.o(.data)
    Ds402_Slave_obj1803_COB_ID_used_by_PDO   0x20000b88   Data           4  ds402_slave.o(.data)
    Ds402_Slave_obj1803_Transmission_Type    0x20000b8c   Data           1  ds402_slave.o(.data)
    Ds402_Slave_obj1803_Inhibit_Time         0x20000b8e   Data           2  ds402_slave.o(.data)
    Ds402_Slave_obj1803_Compatibility_Entry  0x20000b90   Data           1  ds402_slave.o(.data)
    Ds402_Slave_obj1803_Event_Timer          0x20000b92   Data           2  ds402_slave.o(.data)
    Ds402_Slave_obj1803_SYNC_start_value     0x20000b94   Data           1  ds402_slave.o(.data)
    Ds402_Slave_Index1803                    0x20000b98   Data         112  ds402_slave.o(.data)
    Ds402_Slave_highestSubIndex_obj1A00      0x20000c08   Data           1  ds402_slave.o(.data)
    Ds402_Slave_obj1A00                      0x20000c0c   Data           8  ds402_slave.o(.data)
    Ds402_Slave_Index1A00                    0x20000c14   Data          48  ds402_slave.o(.data)
    Ds402_Slave_highestSubIndex_obj1A01      0x20000c44   Data           1  ds402_slave.o(.data)
    Ds402_Slave_obj1A01                      0x20000c48   Data           4  ds402_slave.o(.data)
    Ds402_Slave_Index1A01                    0x20000c4c   Data          32  ds402_slave.o(.data)
    Ds402_Slave_highestSubIndex_obj1A02      0x20000c6c   Data           1  ds402_slave.o(.data)
    Ds402_Slave_obj1A02                      0x20000c70   Data           4  ds402_slave.o(.data)
    Ds402_Slave_Index1A02                    0x20000c74   Data          32  ds402_slave.o(.data)
    Ds402_Slave_highestSubIndex_obj1A03      0x20000c94   Data           1  ds402_slave.o(.data)
    Ds402_Slave_obj1A03                      0x20000c98   Data           4  ds402_slave.o(.data)
    Ds402_Slave_Index1A03                    0x20000c9c   Data          32  ds402_slave.o(.data)
    Ds402_Slave_Index6040                    0x20000cbc   Data          16  ds402_slave.o(.data)
    Ds402_Slave_Index6060                    0x20000ccc   Data          16  ds402_slave.o(.data)
    Ds402_Slave_Index607A                    0x20000cdc   Data          16  ds402_slave.o(.data)
    Ds402_Slave_Index60C1                    0x20000cec   Data          16  ds402_slave.o(.data)
    Ds402_Slave_Index6042                    0x20000cfc   Data          16  ds402_slave.o(.data)
    Ds402_Slave_Index60FF                    0x20000d0c   Data          16  ds402_slave.o(.data)
    Ds402_Slave_Index6071                    0x20000d1c   Data          16  ds402_slave.o(.data)
    Ds402_Slave_Index6041                    0x20000d2c   Data          16  ds402_slave.o(.data)
    Ds402_Slave_Index6061                    0x20000d3c   Data          16  ds402_slave.o(.data)
    Ds402_Slave_Index6063                    0x20000d4c   Data          16  ds402_slave.o(.data)
    Ds402_Slave_Index6064                    0x20000d5c   Data          16  ds402_slave.o(.data)
    Ds402_Slave_Index606C                    0x20000d6c   Data          16  ds402_slave.o(.data)
    Ds402_Slave_Index6077                    0x20000d7c   Data          16  ds402_slave.o(.data)
    Ds402_Slave_Index6062                    0x20000d8c   Data          16  ds402_slave.o(.data)
    Ds402_Slave_Index6065                    0x20000d9c   Data          16  ds402_slave.o(.data)
    Ds402_Slave_Index6067                    0x20000dac   Data          16  ds402_slave.o(.data)
    Ds402_Slave_Index6068                    0x20000dbc   Data          16  ds402_slave.o(.data)
    Ds402_Slave_Index6069                    0x20000dcc   Data          16  ds402_slave.o(.data)
    Ds402_Slave_Index606B                    0x20000ddc   Data          16  ds402_slave.o(.data)
    Ds402_Slave_Index6078                    0x20000dec   Data          16  ds402_slave.o(.data)
    Ds402_Slave_Index607C                    0x20000dfc   Data          16  ds402_slave.o(.data)
    Ds402_Slave_highestSubIndex_obj607D      0x20000e0c   Data           1  ds402_slave.o(.data)
    Ds402_Slave_Index607D                    0x20000e10   Data          48  ds402_slave.o(.data)
    Ds402_Slave_Index607F                    0x20000e40   Data          16  ds402_slave.o(.data)
    Ds402_Slave_Index6081                    0x20000e50   Data          16  ds402_slave.o(.data)
    Ds402_Slave_Index6083                    0x20000e60   Data          16  ds402_slave.o(.data)
    Ds402_Slave_Index6084                    0x20000e70   Data          16  ds402_slave.o(.data)
    Ds402_Slave_Index6085                    0x20000e80   Data          16  ds402_slave.o(.data)
    Ds402_Slave_Index6086                    0x20000e90   Data          16  ds402_slave.o(.data)
    Ds402_Slave_Index6089                    0x20000ea0   Data          16  ds402_slave.o(.data)
    Ds402_Slave_Index608A                    0x20000eb0   Data          16  ds402_slave.o(.data)
    Ds402_Slave_Index608B                    0x20000ec0   Data          16  ds402_slave.o(.data)
    Ds402_Slave_Index608C                    0x20000ed0   Data          16  ds402_slave.o(.data)
    Ds402_Slave_Index608D                    0x20000ee0   Data          16  ds402_slave.o(.data)
    Ds402_Slave_Index608E                    0x20000ef0   Data          16  ds402_slave.o(.data)
    Ds402_Slave_Index6098                    0x20000f00   Data          16  ds402_slave.o(.data)
    Ds402_Slave_highestSubIndex_obj6099      0x20000f10   Data           1  ds402_slave.o(.data)
    Ds402_Slave_Index6099                    0x20000f14   Data          48  ds402_slave.o(.data)
    Ds402_Slave_Index609A                    0x20000f44   Data          16  ds402_slave.o(.data)
    Ds402_Slave_highestSubIndex_obj60F6      0x20000f54   Data           1  ds402_slave.o(.data)
    Ds402_Slave_Index60F6                    0x20000f58   Data          48  ds402_slave.o(.data)
    Ds402_Slave_highestSubIndex_obj60F9      0x20000f88   Data           1  ds402_slave.o(.data)
    Ds402_Slave_Index60F9                    0x20000f8c   Data          48  ds402_slave.o(.data)
    Ds402_Slave_highestSubIndex_obj60FB      0x20000fbc   Data           1  ds402_slave.o(.data)
    Ds402_Slave_Index60FB                    0x20000fc0   Data          96  ds402_slave.o(.data)
    Ds402_Slave_Index6402                    0x20001020   Data          16  ds402_slave.o(.data)
    Ds402_Slave_highestSubIndex_obj6410      0x20001030   Data           1  ds402_slave.o(.data)
    Ds402_Slave_Index6410                    0x20001034   Data          96  ds402_slave.o(.data)
    Ds402_Slave_Index6502                    0x20001094   Data          16  ds402_slave.o(.data)
    Ds402_Slave_PDO_status                   0x200010a4   Data          72  ds402_slave.o(.data)
    Ds402_Slave_Data                         0x200010ec   Data         828  ds402_slave.o(.data)
    Ds402_Slave_heartBeatTimers              0x20001428   Data           2  ds402_slave.o(.data)
    timer                                    0x20001430   Data          50  main.o(.bss)
    SystemVar                                0x20001462   Data         170  main.o(.bss)
    SystemError                              0x2000150c   Data         116  main.o(.bss)
    MotorControler                           0x20001580   Data          64  main.o(.bss)
    UartMode                                 0x200015c0   Data          32  main.o(.bss)
    VarDateFlash0                            0x200015e0   Data        2048  main.o(.bss)
    VarDateFlash1                            0x20001de0   Data        2048  main.o(.bss)
    VarDateFlash2                            0x200025e0   Data        2048  main.o(.bss)
    ADC_ConvertedValue                       0x20002de0   Data          10  system_init.o(.bss)
    value                                    0x20002ecc   Data          12  svpwmisr.o(.bss)
    SP                                       0x20002ed8   Data          88  cia402.o(.bss)
    PostionPlanCiA402Mode_1                  0x20002f30   Data          36  cia402.o(.bss)
    PduData                                  0x2000fd14   Data          20  mb.o(.bss)
    R_value                                  0x2000fd28   Data          10  mb.o(.bss)
    mbdata                                   0x2000fd32   Data        1024  mb.o(.bss)
    modbus_recv_data                         0x20010132   Data         256  uart_interface.o(.bss)
    modbus_send_data                         0x20010232   Data         256  uart_interface.o(.bss)
    timers                                   0x20010334   Data         192  timer_1.o(.bss)
    __initial_sp                             0x200118f8   Data           0  startup_n32g45x.o(STACK)



==============================================================================

Memory Map of the image

  Image Entry point : 0x08000199

  Load Region LR_IROM1 (Base: 0x08000000, Size: 0x0001175c, Max: 0x00040000, ABSOLUTE, COMPRESSED[0x000107f8])

    Execution Region ER_IROM1 (Exec base: 0x08000000, Load base: 0x08000000, Size: 0x0001032c, Max: 0x00040000, ABSOLUTE)

    Exec Addr    Load Addr    Size         Type   Attr      Idx    E Section Name        Object

    0x08000000   0x08000000   0x00000198   Data   RO          385    RESET               startup_n32g45x.o
    0x08000198   0x08000198   0x00000000   Code   RO         3307  * .ARM.Collect$$$$00000000  mc_w.l(entry.o)
    0x08000198   0x08000198   0x00000004   Code   RO         3356    .ARM.Collect$$$$00000001  mc_w.l(entry2.o)
    0x0800019c   0x0800019c   0x00000004   Code   RO         3359    .ARM.Collect$$$$00000004  mc_w.l(entry5.o)
    0x080001a0   0x080001a0   0x00000000   Code   RO         3361    .ARM.Collect$$$$00000008  mc_w.l(entry7b.o)
    0x080001a0   0x080001a0   0x00000000   Code   RO         3363    .ARM.Collect$$$$0000000A  mc_w.l(entry8b.o)
    0x080001a0   0x080001a0   0x00000008   Code   RO         3364    .ARM.Collect$$$$0000000B  mc_w.l(entry9a.o)
    0x080001a8   0x080001a8   0x00000000   Code   RO         3366    .ARM.Collect$$$$0000000D  mc_w.l(entry10a.o)
    0x080001a8   0x080001a8   0x00000000   Code   RO         3368    .ARM.Collect$$$$0000000F  mc_w.l(entry11a.o)
    0x080001a8   0x080001a8   0x00000004   Code   RO         3357    .ARM.Collect$$$$00002712  mc_w.l(entry2.o)
    0x080001ac   0x080001ac   0x000000fc   Code   RO            4    .text               main.o
    0x080002a8   0x080002a8   0x00000024   Code   RO          386    .text               startup_n32g45x.o
    0x080002cc   0x080002cc   0x000001a0   Code   RO          393    .text               system_n32g45x.o
    0x0800046c   0x0800046c   0x00000128   Code   RO          424    .text               system_init.o
    0x08000594   0x08000594   0x00000384   Code   RO          465    .text               systemclock.o
    0x08000918   0x08000918   0x000000d8   Code   RO          499    .text               adc.o
    0x080009f0   0x080009f0   0x000001f8   Code   RO          523    .text               spi.o
    0x08000be8   0x08000be8   0x00000148   Code   RO          553    .text               pwm_step.o
    0x08000d30   0x08000d30   0x000000a8   Code   RO          577    .text               misc.o
    0x08000dd8   0x08000dd8   0x0000046e   Code   RO          601    .text               n32g45x_adc.o
    0x08001246   0x08001246   0x00000002   PAD
    0x08001248   0x08001248   0x000007a4   Code   RO          649    .text               n32g45x_can.o
    0x080019ec   0x080019ec   0x000001dc   Code   RO          770    .text               n32g45x_dma.o
    0x08001bc8   0x08001bc8   0x00000598   Code   RO          870    .text               n32g45x_flash.o
    0x08002160   0x08002160   0x00000338   Code   RO          895    .text               n32g45x_gpio.o
    0x08002498   0x08002498   0x000003bc   Code   RO         1016    .text               n32g45x_rcc.o
    0x08002854   0x08002854   0x00000274   Code   RO         1091    .text               n32g45x_spi.o
    0x08002ac8   0x08002ac8   0x00000cac   Code   RO         1115    .text               n32g45x_tim.o
    0x08003774   0x08003774   0x00000320   Code   RO         1140    .text               n32g45x_usart.o
    0x08003a94   0x08003a94   0x00001352   Code   RO         1236    .text               function.o
    0x08004de6   0x08004de6   0x00000002   PAD
    0x08004de8   0x08004de8   0x00000980   Code   RO         1503    .text               svpwmisr.o
    0x08005768   0x08005768   0x000000be   Code   RO         1553    .text               timer.o
    0x08005826   0x08005826   0x00000002   PAD
    0x08005828   0x08005828   0x00000330   Code   RO         1577    .text               cia402.o
    0x08005b58   0x08005b58   0x0000090c   Code   RO         1615    .text               uartmode.o
    0x08006464   0x08006464   0x0000009a   Code   RO         1643    .text               flash_wr.o
    0x080064fe   0x080064fe   0x00000002   PAD
    0x08006500   0x08006500   0x000003e0   Code   RO         1670    .text               filter.o
    0x080068e0   0x080068e0   0x00000114   Code   RO         1696    .text               pidspeed.o
    0x080069f4   0x080069f4   0x000000c4   Code   RO         1740    .text               pidiqs.o
    0x08006ab8   0x08006ab8   0x00000160   Code   RO         1767    .text               pidtorque.o
    0x08006c18   0x08006c18   0x00000064   Code   RO         1791    .text               pidids.o
    0x08006c7c   0x08006c7c   0x000000f8   Code   RO         1806    .text               pidposition.o
    0x08006d74   0x08006d74   0x0000016c   Code   RO         1839    .text               pidholding.o
    0x08006ee0   0x08006ee0   0x00001750   Code   RO         1866    .text               speedplan2.o
    0x08008630   0x08008630   0x0000036c   Code   RO         1892    .text               svpwm_steper.o
    0x0800899c   0x0800899c   0x0000008c   Code   RO         1907    .text               pidc.o
    0x08008a28   0x08008a28   0x000000c6   Code   RO         2074    .text               _iqnmpy.o
    0x08008aee   0x08008aee   0x00000002   PAD
    0x08008af0   0x08008af0   0x00000504   Code   RO         2134    .text               _iqnsin_cos.o
    0x08008ff4   0x08008ff4   0x000000cc   Code   RO         2258    .text               mbfunccoils.o
    0x080090c0   0x080090c0   0x00000060   Code   RO         2302    .text               mbfuncdisc.o
    0x08009120   0x08009120   0x000000f2   Code   RO         2326    .text               mbfuncholding.o
    0x08009212   0x08009212   0x0000004c   Code   RO         2350    .text               mbfuncinput.o
    0x0800925e   0x0800925e   0x00000002   PAD
    0x08009260   0x08009260   0x00000064   Code   RO         2374    .text               mbfuncother.o
    0x080092c4   0x080092c4   0x00000064   Code   RO         2401    .text               mbutils.o
    0x08009328   0x08009328   0x0000002c   Code   RO         2422    .text               mbcrc.o
    0x08009354   0x08009354   0x00000128   Code   RO         2437    .text               mbrtu.o
    0x0800947c   0x0800947c   0x000005bc   Code   RO         2490    .text               mb.o
    0x08009a38   0x08009a38   0x00000030   Code   RO         2539    .text               portevent.o
    0x08009a68   0x08009a68   0x0000000a   Code   RO         2568    .text               portserial.o
    0x08009a72   0x08009a72   0x00000002   PAD
    0x08009a74   0x08009a74   0x000013b4   Code   RO         2610    .text               uart_interface.o
    0x0800ae28   0x0800ae28   0x00000200   Code   RO         2646    .text               emcy.o
    0x0800b028   0x0800b028   0x00000378   Code   RO         2686    .text               lifegrd.o
    0x0800b3a0   0x0800b3a0   0x00000068   Code   RO         2702    .text               nmtmaster.o
    0x0800b408   0x0800b408   0x000000c2   Code   RO         2715    .text               nmtslave.o
    0x0800b4ca   0x0800b4ca   0x00000002   PAD
    0x0800b4cc   0x0800b4cc   0x000001c4   Code   RO         2727    .text               objacces.o
    0x0800b690   0x0800b690   0x0000080a   Code   RO         2740    .text               pdo.o
    0x0800be9a   0x0800be9a   0x00000002   PAD
    0x0800be9c   0x0800be9c   0x00001f40   Code   RO         2752    .text               sdo.o
    0x0800dddc   0x0800dddc   0x00000354   Code   RO         2765    .text               states.o
    0x0800e130   0x0800e130   0x00000104   Code   RO         2778    .text               sync.o
    0x0800e234   0x0800e234   0x00000140   Code   RO         2839    .text               timer_1.o
    0x0800e374   0x0800e374   0x0000045c   Code   RO         2916    .text               canopen_interface.o
    0x0800e7d0   0x0800e7d0   0x000005fc   Code   RO         2984    .text               ds402_slave.o
    0x0800edcc   0x0800edcc   0x0000001e   Code   RO         3310    .text               mc_w.l(llshl.o)
    0x0800edea   0x0800edea   0x00000020   Code   RO         3312    .text               mc_w.l(llushr.o)
    0x0800ee0a   0x0800ee0a   0x00000024   Code   RO         3314    .text               mc_w.l(llsshr.o)
    0x0800ee2e   0x0800ee2e   0x00000024   Code   RO         3316    .text               mc_w.l(memcpya.o)
    0x0800ee52   0x0800ee52   0x00000024   Code   RO         3318    .text               mc_w.l(memseta.o)
    0x0800ee76   0x0800ee76   0x0000001c   Code   RO         3320    .text               mc_w.l(strcmp.o)
    0x0800ee92   0x0800ee92   0x0000001a   Code   RO         3322    .text               mc_w.l(memcmp.o)
    0x0800eeac   0x0800eeac   0x0000014e   Code   RO         3326    .text               mf_w.l(dadd.o)
    0x0800effa   0x0800effa   0x000000e4   Code   RO         3328    .text               mf_w.l(dmul.o)
    0x0800f0de   0x0800f0de   0x000000de   Code   RO         3330    .text               mf_w.l(ddiv.o)
    0x0800f1bc   0x0800f1bc   0x00000022   Code   RO         3332    .text               mf_w.l(dflti.o)
    0x0800f1de   0x0800f1de   0x0000003e   Code   RO         3334    .text               mf_w.l(dfixi.o)
    0x0800f21c   0x0800f21c   0x00000026   Code   RO         3336    .text               mf_w.l(f2d.o)
    0x0800f242   0x0800f242   0x00000038   Code   RO         3338    .text               mf_w.l(d2f.o)
    0x0800f27a   0x0800f27a   0x00000000   Code   RO         3377    .text               mc_w.l(iusefp.o)
    0x0800f27a   0x0800f27a   0x0000006e   Code   RO         3378    .text               mf_w.l(fepilogue.o)
    0x0800f2e8   0x0800f2e8   0x000000ba   Code   RO         3380    .text               mf_w.l(depilogue.o)
    0x0800f3a2   0x0800f3a2   0x00000004   Code   RO         3382    .text               mf_w.l(fpstat.o)
    0x0800f3a6   0x0800f3a6   0x00000002   PAD
    0x0800f3a8   0x0800f3a8   0x00000024   Code   RO         3384    .text               mc_w.l(init.o)
    0x0800f3cc   0x0800f3cc   0x00000056   Code   RO         3394    .text               mc_w.l(__dczerorl2.o)
    0x0800f422   0x0800f422   0x00000026   Code   RO         3340    i.__ARM_fpclassifyf  m_wm.l(fpclassifyf.o)
    0x0800f448   0x0800f448   0x00000664   Code   RO         3281    i.__hardfp_powf     m_wm.l(powf.o)
    0x0800faac   0x0800faac   0x0000003a   Code   RO         3295    i.__hardfp_sqrtf    m_wm.l(sqrtf.o)
    0x0800fae6   0x0800fae6   0x00000002   PAD
    0x0800fae8   0x0800fae8   0x00000014   Code   RO         3342    i.__mathlib_flt_divzero  m_wm.l(funder.o)
    0x0800fafc   0x0800fafc   0x00000006   Code   RO         3344    i.__mathlib_flt_infnan2  m_wm.l(funder.o)
    0x0800fb02   0x0800fb02   0x00000002   PAD
    0x0800fb04   0x0800fb04   0x00000010   Code   RO         3345    i.__mathlib_flt_invalid  m_wm.l(funder.o)
    0x0800fb14   0x0800fb14   0x00000010   Code   RO         3346    i.__mathlib_flt_overflow  m_wm.l(funder.o)
    0x0800fb24   0x0800fb24   0x00000010   Code   RO         3348    i.__mathlib_flt_underflow  m_wm.l(funder.o)
    0x0800fb34   0x0800fb34   0x0000000e   Code   RO         3388    i.__scatterload_copy  mc_w.l(handlers.o)
    0x0800fb42   0x0800fb42   0x00000002   Code   RO         3389    i.__scatterload_null  mc_w.l(handlers.o)
    0x0800fb44   0x0800fb44   0x0000000e   Code   RO         3390    i.__scatterload_zeroinit  mc_w.l(handlers.o)
    0x0800fb52   0x0800fb52   0x00000002   PAD
    0x0800fb54   0x0800fb54   0x0000000c   Code   RO         3372    i.__set_errno       mc_w.l(errno.o)
    0x0800fb60   0x0800fb60   0x00000010   Data   RO          394    .constdata          system_n32g45x.o
    0x0800fb70   0x0800fb70   0x00000040   Data   RO         1017    .constdata          n32g45x_rcc.o
    0x0800fbb0   0x0800fbb0   0x000000d0   Data   RO         2161    .constdata          _iqntables.o
    0x0800fc80   0x0800fc80   0x000000d0   Data   RO         2162    .constdata          _iqntables.o
    0x0800fd50   0x0800fd50   0x00000200   Data   RO         2423    .constdata          mbcrc.o
    0x0800ff50   0x0800ff50   0x00000040   Data   RO         2766    .constdata          states.o
    0x0800ff90   0x0800ff90   0x00000001   Data   RO         2985    .constdata          ds402_slave.o
    0x0800ff91   0x0800ff91   0x00000003   PAD
    0x0800ff94   0x0800ff94   0x00000210   Data   RO         2986    .constdata          ds402_slave.o
    0x080101a4   0x080101a4   0x0000000c   Data   RO         2987    .constdata          ds402_slave.o
    0x080101b0   0x080101b0   0x0000000c   Data   RO         2988    .constdata          ds402_slave.o
    0x080101bc   0x080101bc   0x00000002   Data   RO         2989    .constdata          ds402_slave.o
    0x080101be   0x080101be   0x00000002   PAD
    0x080101c0   0x080101c0   0x00000140   Data   RO         3284    .constdata          m_wm.l(powf.o)
    0x08010300   0x08010300   0x0000000a   Data   RO         2918    .conststring        canopen_interface.o
    0x0801030a   0x0801030a   0x00000002   PAD
    0x0801030c   0x0801030c   0x00000020   Data   RO         3386    Region$$Table       anon$$obj.o


    Execution Region RW_IRAM1 (Exec base: 0x20000000, Load base: 0x0801032c, Size: 0x000118f8, Max: 0x00024000, ABSOLUTE, COMPRESSED[0x000004cc])

    Exec Addr    Load Addr    Size         Type   Attr      Idx    E Section Name        Object

    0x20000000   COMPRESSED   0x00000006   Data   RW           25    .data               main.o
    0x20000006   COMPRESSED   0x00000002   Data   RW           26    .data               main.o
    0x20000008   COMPRESSED   0x00000002   Data   RW           27    .data               main.o
    0x2000000a   COMPRESSED   0x00000002   PAD
    0x2000000c   COMPRESSED   0x00000034   Data   RW           28    .data               main.o
    0x20000040   COMPRESSED   0x00000034   Data   RW           29    .data               main.o
    0x20000074   COMPRESSED   0x00000034   Data   RW           30    .data               main.o
    0x200000a8   COMPRESSED   0x00000040   Data   RW           31    .data               main.o
    0x200000e8   COMPRESSED   0x00000034   Data   RW           32    .data               main.o
    0x2000011c   COMPRESSED   0x00000040   Data   RW           33    .data               main.o
    0x2000015c   COMPRESSED   0x00000004   PAD
    0x20000160   COMPRESSED   0x00000058   Data   RW           34    .data               main.o
    0x200001b8   COMPRESSED   0x0000004c   Data   RW           35    .data               main.o
    0x20000204   COMPRESSED   0x0000002c   Data   RW           36    .data               main.o
    0x20000230   COMPRESSED   0x00000002   Data   RW           41    .data               main.o
    0x20000232   COMPRESSED   0x00000002   Data   RW           42    .data               main.o
    0x20000234   COMPRESSED   0x00000004   Data   RW           43    .data               main.o
    0x20000238   COMPRESSED   0x00000004   Data   RW           44    .data               main.o
    0x2000023c   COMPRESSED   0x00000002   Data   RW           45    .data               main.o
    0x2000023e   COMPRESSED   0x00000002   Data   RW           46    .data               main.o
    0x20000240   COMPRESSED   0x00000002   Data   RW           47    .data               main.o
    0x20000242   COMPRESSED   0x00000002   Data   RW           48    .data               main.o
    0x20000244   COMPRESSED   0x00000004   Data   RW           49    .data               main.o
    0x20000248   COMPRESSED   0x00000004   Data   RW           50    .data               main.o
    0x2000024c   COMPRESSED   0x00000002   Data   RW           51    .data               main.o
    0x2000024e   COMPRESSED   0x00000002   Data   RW           52    .data               main.o
    0x20000250   COMPRESSED   0x00000002   Data   RW           53    .data               main.o
    0x20000252   COMPRESSED   0x00000002   Data   RW           54    .data               main.o
    0x20000254   COMPRESSED   0x00000004   Data   RW           55    .data               main.o
    0x20000258   COMPRESSED   0x00000004   Data   RW           56    .data               main.o
    0x2000025c   COMPRESSED   0x00000002   Data   RW           57    .data               main.o
    0x2000025e   COMPRESSED   0x00000002   Data   RW           58    .data               main.o
    0x20000260   COMPRESSED   0x00000002   Data   RW           59    .data               main.o
    0x20000262   COMPRESSED   0x00000002   Data   RW           60    .data               main.o
    0x20000264   COMPRESSED   0x00000004   Data   RW           61    .data               main.o
    0x20000268   COMPRESSED   0x00000004   Data   RW           62    .data               main.o
    0x2000026c   COMPRESSED   0x00000004   Data   RW           63    .data               main.o
    0x20000270   COMPRESSED   0x00000004   Data   RW           64    .data               main.o
    0x20000274   COMPRESSED   0x00000002   Data   RW           65    .data               main.o
    0x20000276   COMPRESSED   0x00000002   Data   RW           66    .data               main.o
    0x20000278   COMPRESSED   0x00000004   Data   RW           67    .data               main.o
    0x2000027c   COMPRESSED   0x00000004   Data   RW           68    .data               main.o
    0x20000280   COMPRESSED   0x00000002   Data   RW           69    .data               main.o
    0x20000282   COMPRESSED   0x00000002   Data   RW           70    .data               main.o
    0x20000284   COMPRESSED   0x00000002   Data   RW           72    .data               main.o
    0x20000286   COMPRESSED   0x00000002   Data   RW           73    .data               main.o
    0x20000288   COMPRESSED   0x00000004   Data   RW           74    .data               main.o
    0x2000028c   COMPRESSED   0x00000004   Data   RW           75    .data               main.o
    0x20000290   COMPRESSED   0x00000002   Data   RW           76    .data               main.o
    0x20000292   COMPRESSED   0x00000002   Data   RW           77    .data               main.o
    0x20000294   COMPRESSED   0x00000002   Data   RW           78    .data               main.o
    0x20000296   COMPRESSED   0x00000002   Data   RW           79    .data               main.o
    0x20000298   COMPRESSED   0x00000002   Data   RW           80    .data               main.o
    0x2000029a   COMPRESSED   0x00000002   Data   RW           81    .data               main.o
    0x2000029c   COMPRESSED   0x00000004   Data   RW           82    .data               main.o
    0x200002a0   COMPRESSED   0x00000004   Data   RW           83    .data               main.o
    0x200002a4   COMPRESSED   0x00000004   Data   RW           84    .data               main.o
    0x200002a8   COMPRESSED   0x00000004   Data   RW           85    .data               main.o
    0x200002ac   COMPRESSED   0x00000002   Data   RW           86    .data               main.o
    0x200002ae   COMPRESSED   0x00000002   Data   RW           87    .data               main.o
    0x200002b0   COMPRESSED   0x00000004   Data   RW          395    .data               system_n32g45x.o
    0x200002b4   COMPRESSED   0x00000006   Data   RW          426    .data               system_init.o
    0x200002ba   COMPRESSED   0x00000002   PAD
    0x200002bc   COMPRESSED   0x00000004   Data   RW          466    .data               systemclock.o
    0x200002c0   COMPRESSED   0x00000004   Data   RW          524    .data               spi.o
    0x200002c4   COMPRESSED   0x00000024   Data   RW         1237    .data               function.o
    0x200002e8   COMPRESSED   0x0000003c   Data   RW         1508    .data               svpwmisr.o
    0x20000324   COMPRESSED   0x00000004   Data   RW         1580    .data               cia402.o
    0x20000328   COMPRESSED   0x00000004   Data   RW         1581    .data               cia402.o
    0x2000032c   COMPRESSED   0x00000004   Data   RW         1582    .data               cia402.o
    0x20000330   COMPRESSED   0x00000006   Data   RW         1583    .data               cia402.o
    0x20000336   COMPRESSED   0x00000002   PAD
    0x20000338   COMPRESSED   0x00000008   Data   RW         1616    .data               uartmode.o
    0x20000340   COMPRESSED   0x00000058   Data   RW         1672    .data               filter.o
    0x20000398   COMPRESSED   0x0000007e   Data   RW         1698    .data               pidspeed.o
    0x20000416   COMPRESSED   0x00000002   PAD
    0x20000418   COMPRESSED   0x00000004   Data   RW         1741    .data               pidiqs.o
    0x2000041c   COMPRESSED   0x0000000a   Data   RW         1768    .data               pidtorque.o
    0x20000426   COMPRESSED   0x00000008   Data   RW         1809    .data               pidposition.o
    0x2000042e   COMPRESSED   0x00000002   PAD
    0x20000430   COMPRESSED   0x00000038   Data   RW         1840    .data               pidholding.o
    0x20000468   COMPRESSED   0x00000010   Data   RW         1867    .data               speedplan2.o
    0x20000478   COMPRESSED   0x00000004   Data   RW         1893    .data               svpwm_steper.o
    0x2000047c   COMPRESSED   0x00000002   Data   RW         1908    .data               pidc.o
    0x2000047e   COMPRESSED   0x00000002   Data   RW         2376    .data               mbfuncother.o
    0x20000480   COMPRESSED   0x0000000c   Data   RW         2438    .data               mbrtu.o
    0x2000048c   COMPRESSED   0x000000a8   Data   RW         2492    .data               mb.o
    0x20000534   COMPRESSED   0x00000002   Data   RW         2540    .data               portevent.o
    0x20000536   COMPRESSED   0x00000002   PAD
    0x20000538   COMPRESSED   0x00000018   Data   RW         2616    .data               uart_interface.o
    0x20000550   COMPRESSED   0x00000008   Data   RW         2841    .data               timer_1.o
    0x20000558   COMPRESSED   0x00000018   Data   RW         2919    .data               canopen_interface.o
    0x20000570   COMPRESSED   0x00000002   Data   RW         2990    .data               ds402_slave.o
    0x20000572   COMPRESSED   0x00000002   Data   RW         2991    .data               ds402_slave.o
    0x20000574   COMPRESSED   0x00000001   Data   RW         2992    .data               ds402_slave.o
    0x20000575   COMPRESSED   0x00000001   Data   RW         2993    .data               ds402_slave.o
    0x20000576   COMPRESSED   0x00000002   PAD
    0x20000578   COMPRESSED   0x00000004   Data   RW         2994    .data               ds402_slave.o
    0x2000057c   COMPRESSED   0x00000004   Data   RW         2995    .data               ds402_slave.o
    0x20000580   COMPRESSED   0x00000004   Data   RW         2996    .data               ds402_slave.o
    0x20000584   COMPRESSED   0x00000004   Data   RW         2997    .data               ds402_slave.o
    0x20000588   COMPRESSED   0x00000002   Data   RW         2998    .data               ds402_slave.o
    0x2000058a   COMPRESSED   0x00000002   PAD
    0x2000058c   COMPRESSED   0x00000004   Data   RW         2999    .data               ds402_slave.o
    0x20000590   COMPRESSED   0x00000004   Data   RW         3000    .data               ds402_slave.o
    0x20000594   COMPRESSED   0x00000004   Data   RW         3001    .data               ds402_slave.o
    0x20000598   COMPRESSED   0x00000002   Data   RW         3002    .data               ds402_slave.o
    0x2000059a   COMPRESSED   0x00000002   PAD
    0x2000059c   COMPRESSED   0x00000004   Data   RW         3003    .data               ds402_slave.o
    0x200005a0   COMPRESSED   0x00000004   Data   RW         3004    .data               ds402_slave.o
    0x200005a4   COMPRESSED   0x00000004   Data   RW         3005    .data               ds402_slave.o
    0x200005a8   COMPRESSED   0x00000004   Data   RW         3006    .data               ds402_slave.o
    0x200005ac   COMPRESSED   0x00000004   Data   RW         3007    .data               ds402_slave.o
    0x200005b0   COMPRESSED   0x00000004   Data   RW         3008    .data               ds402_slave.o
    0x200005b4   COMPRESSED   0x00000004   Data   RW         3009    .data               ds402_slave.o
    0x200005b8   COMPRESSED   0x00000004   Data   RW         3010    .data               ds402_slave.o
    0x200005bc   COMPRESSED   0x00000004   Data   RW         3011    .data               ds402_slave.o
    0x200005c0   COMPRESSED   0x00000002   Data   RW         3012    .data               ds402_slave.o
    0x200005c2   COMPRESSED   0x00000001   Data   RW         3013    .data               ds402_slave.o
    0x200005c3   COMPRESSED   0x00000001   PAD
    0x200005c4   COMPRESSED   0x00000004   Data   RW         3014    .data               ds402_slave.o
    0x200005c8   COMPRESSED   0x00000001   Data   RW         3015    .data               ds402_slave.o
    0x200005c9   COMPRESSED   0x00000003   PAD
    0x200005cc   COMPRESSED   0x00000004   Data   RW         3016    .data               ds402_slave.o
    0x200005d0   COMPRESSED   0x00000001   Data   RW         3017    .data               ds402_slave.o
    0x200005d1   COMPRESSED   0x00000003   PAD
    0x200005d4   COMPRESSED   0x00000004   Data   RW         3018    .data               ds402_slave.o
    0x200005d8   COMPRESSED   0x00000001   Data   RW         3019    .data               ds402_slave.o
    0x200005d9   COMPRESSED   0x00000003   PAD
    0x200005dc   COMPRESSED   0x00000004   Data   RW         3020    .data               ds402_slave.o
    0x200005e0   COMPRESSED   0x00000004   Data   RW         3021    .data               ds402_slave.o
    0x200005e4   COMPRESSED   0x00000004   Data   RW         3022    .data               ds402_slave.o
    0x200005e8   COMPRESSED   0x00000002   Data   RW         3023    .data               ds402_slave.o
    0x200005ea   COMPRESSED   0x00000002   Data   RW         3024    .data               ds402_slave.o
    0x200005ec   COMPRESSED   0x00000002   Data   RW         3025    .data               ds402_slave.o
    0x200005ee   COMPRESSED   0x00000002   Data   RW         3026    .data               ds402_slave.o
    0x200005f0   COMPRESSED   0x00000002   Data   RW         3027    .data               ds402_slave.o
    0x200005f2   COMPRESSED   0x00000002   Data   RW         3028    .data               ds402_slave.o
    0x200005f4   COMPRESSED   0x00000002   Data   RW         3029    .data               ds402_slave.o
    0x200005f6   COMPRESSED   0x00000002   Data   RW         3030    .data               ds402_slave.o
    0x200005f8   COMPRESSED   0x00000002   Data   RW         3031    .data               ds402_slave.o
    0x200005fa   COMPRESSED   0x00000002   PAD
    0x200005fc   COMPRESSED   0x00000004   Data   RW         3032    .data               ds402_slave.o
    0x20000600   COMPRESSED   0x00000002   Data   RW         3033    .data               ds402_slave.o
    0x20000602   COMPRESSED   0x00000002   Data   RW         3034    .data               ds402_slave.o
    0x20000604   COMPRESSED   0x00000002   Data   RW         3035    .data               ds402_slave.o
    0x20000606   COMPRESSED   0x00000001   Data   RW         3036    .data               ds402_slave.o
    0x20000607   COMPRESSED   0x00000001   PAD
    0x20000608   COMPRESSED   0x00000002   Data   RW         3037    .data               ds402_slave.o
    0x2000060a   COMPRESSED   0x00000002   Data   RW         3038    .data               ds402_slave.o
    0x2000060c   COMPRESSED   0x00000004   Data   RW         3039    .data               ds402_slave.o
    0x20000610   COMPRESSED   0x00000004   Data   RW         3040    .data               ds402_slave.o
    0x20000614   COMPRESSED   0x00000002   Data   RW         3041    .data               ds402_slave.o
    0x20000616   COMPRESSED   0x00000002   Data   RW         3042    .data               ds402_slave.o
    0x20000618   COMPRESSED   0x00000004   Data   RW         3043    .data               ds402_slave.o
    0x2000061c   COMPRESSED   0x00000002   Data   RW         3044    .data               ds402_slave.o
    0x2000061e   COMPRESSED   0x00000001   Data   RW         3045    .data               ds402_slave.o
    0x2000061f   COMPRESSED   0x00000001   PAD
    0x20000620   COMPRESSED   0x00000004   Data   RW         3046    .data               ds402_slave.o
    0x20000624   COMPRESSED   0x00000010   Data   RW         3047    .data               ds402_slave.o
    0x20000634   COMPRESSED   0x00000001   Data   RW         3048    .data               ds402_slave.o
    0x20000635   COMPRESSED   0x00000003   PAD
    0x20000638   COMPRESSED   0x00000010   Data   RW         3049    .data               ds402_slave.o
    0x20000648   COMPRESSED   0x00000001   Data   RW         3050    .data               ds402_slave.o
    0x20000649   COMPRESSED   0x00000003   PAD
    0x2000064c   COMPRESSED   0x00000004   Data   RW         3051    .data               ds402_slave.o
    0x20000650   COMPRESSED   0x00000004   Data   RW         3053    .data               ds402_slave.o
    0x20000654   COMPRESSED   0x00000004   Data   RW         3054    .data               ds402_slave.o
    0x20000658   COMPRESSED   0x0000000b   Data   RW         3055    .data               ds402_slave.o
    0x20000663   COMPRESSED   0x00000001   PAD
    0x20000664   COMPRESSED   0x00000010   Data   RW         3056    .data               ds402_slave.o
    0x20000674   COMPRESSED   0x0000000a   Data   RW         3057    .data               ds402_slave.o
    0x2000067e   COMPRESSED   0x00000002   PAD
    0x20000680   COMPRESSED   0x00000010   Data   RW         3058    .data               ds402_slave.o
    0x20000690   COMPRESSED   0x0000000a   Data   RW         3059    .data               ds402_slave.o
    0x2000069a   COMPRESSED   0x00000002   PAD
    0x2000069c   COMPRESSED   0x00000010   Data   RW         3060    .data               ds402_slave.o
    0x200006ac   COMPRESSED   0x00000002   Data   RW         3061    .data               ds402_slave.o
    0x200006ae   COMPRESSED   0x00000001   Data   RW         3062    .data               ds402_slave.o
    0x200006af   COMPRESSED   0x00000001   PAD
    0x200006b0   COMPRESSED   0x00000004   Data   RW         3063    .data               ds402_slave.o
    0x200006b4   COMPRESSED   0x00000001   Data   RW         3064    .data               ds402_slave.o
    0x200006b5   COMPRESSED   0x00000003   PAD
    0x200006b8   COMPRESSED   0x00000004   Data   RW         3065    .data               ds402_slave.o
    0x200006bc   COMPRESSED   0x00000002   Data   RW         3066    .data               ds402_slave.o
    0x200006be   COMPRESSED   0x00000002   PAD
    0x200006c0   COMPRESSED   0x00000010   Data   RW         3067    .data               ds402_slave.o
    0x200006d0   COMPRESSED   0x00000001   Data   RW         3068    .data               ds402_slave.o
    0x200006d1   COMPRESSED   0x00000003   PAD
    0x200006d4   COMPRESSED   0x00000004   Data   RW         3069    .data               ds402_slave.o
    0x200006d8   COMPRESSED   0x00000004   Data   RW         3070    .data               ds402_slave.o
    0x200006dc   COMPRESSED   0x00000030   Data   RW         3071    .data               ds402_slave.o
    0x2000070c   COMPRESSED   0x00000001   Data   RW         3072    .data               ds402_slave.o
    0x2000070d   COMPRESSED   0x00000003   PAD
    0x20000710   COMPRESSED   0x00000004   Data   RW         3073    .data               ds402_slave.o
    0x20000714   COMPRESSED   0x00000001   Data   RW         3074    .data               ds402_slave.o
    0x20000715   COMPRESSED   0x00000001   PAD
    0x20000716   COMPRESSED   0x00000002   Data   RW         3075    .data               ds402_slave.o
    0x20000718   COMPRESSED   0x00000001   Data   RW         3076    .data               ds402_slave.o
    0x20000719   COMPRESSED   0x00000001   PAD
    0x2000071a   COMPRESSED   0x00000002   Data   RW         3077    .data               ds402_slave.o
    0x2000071c   COMPRESSED   0x00000001   Data   RW         3078    .data               ds402_slave.o
    0x2000071d   COMPRESSED   0x00000003   PAD
    0x20000720   COMPRESSED   0x00000070   Data   RW         3079    .data               ds402_slave.o
    0x20000790   COMPRESSED   0x00000001   Data   RW         3080    .data               ds402_slave.o
    0x20000791   COMPRESSED   0x00000003   PAD
    0x20000794   COMPRESSED   0x00000004   Data   RW         3081    .data               ds402_slave.o
    0x20000798   COMPRESSED   0x00000001   Data   RW         3082    .data               ds402_slave.o
    0x20000799   COMPRESSED   0x00000001   PAD
    0x2000079a   COMPRESSED   0x00000002   Data   RW         3083    .data               ds402_slave.o
    0x2000079c   COMPRESSED   0x00000001   Data   RW         3084    .data               ds402_slave.o
    0x2000079d   COMPRESSED   0x00000001   PAD
    0x2000079e   COMPRESSED   0x00000002   Data   RW         3085    .data               ds402_slave.o
    0x200007a0   COMPRESSED   0x00000001   Data   RW         3086    .data               ds402_slave.o
    0x200007a1   COMPRESSED   0x00000003   PAD
    0x200007a4   COMPRESSED   0x00000070   Data   RW         3087    .data               ds402_slave.o
    0x20000814   COMPRESSED   0x00000001   Data   RW         3088    .data               ds402_slave.o
    0x20000815   COMPRESSED   0x00000003   PAD
    0x20000818   COMPRESSED   0x00000004   Data   RW         3089    .data               ds402_slave.o
    0x2000081c   COMPRESSED   0x00000001   Data   RW         3090    .data               ds402_slave.o
    0x2000081d   COMPRESSED   0x00000001   PAD
    0x2000081e   COMPRESSED   0x00000002   Data   RW         3091    .data               ds402_slave.o
    0x20000820   COMPRESSED   0x00000001   Data   RW         3092    .data               ds402_slave.o
    0x20000821   COMPRESSED   0x00000001   PAD
    0x20000822   COMPRESSED   0x00000002   Data   RW         3093    .data               ds402_slave.o
    0x20000824   COMPRESSED   0x00000001   Data   RW         3094    .data               ds402_slave.o
    0x20000825   COMPRESSED   0x00000003   PAD
    0x20000828   COMPRESSED   0x00000070   Data   RW         3095    .data               ds402_slave.o
    0x20000898   COMPRESSED   0x00000001   Data   RW         3096    .data               ds402_slave.o
    0x20000899   COMPRESSED   0x00000003   PAD
    0x2000089c   COMPRESSED   0x00000004   Data   RW         3097    .data               ds402_slave.o
    0x200008a0   COMPRESSED   0x00000001   Data   RW         3098    .data               ds402_slave.o
    0x200008a1   COMPRESSED   0x00000001   PAD
    0x200008a2   COMPRESSED   0x00000002   Data   RW         3099    .data               ds402_slave.o
    0x200008a4   COMPRESSED   0x00000001   Data   RW         3100    .data               ds402_slave.o
    0x200008a5   COMPRESSED   0x00000001   PAD
    0x200008a6   COMPRESSED   0x00000002   Data   RW         3101    .data               ds402_slave.o
    0x200008a8   COMPRESSED   0x00000001   Data   RW         3102    .data               ds402_slave.o
    0x200008a9   COMPRESSED   0x00000003   PAD
    0x200008ac   COMPRESSED   0x00000070   Data   RW         3103    .data               ds402_slave.o
    0x2000091c   COMPRESSED   0x00000001   Data   RW         3104    .data               ds402_slave.o
    0x2000091d   COMPRESSED   0x00000003   PAD
    0x20000920   COMPRESSED   0x00000008   Data   RW         3105    .data               ds402_slave.o
    0x20000928   COMPRESSED   0x00000030   Data   RW         3106    .data               ds402_slave.o
    0x20000958   COMPRESSED   0x00000001   Data   RW         3107    .data               ds402_slave.o
    0x20000959   COMPRESSED   0x00000003   PAD
    0x2000095c   COMPRESSED   0x00000008   Data   RW         3108    .data               ds402_slave.o
    0x20000964   COMPRESSED   0x00000030   Data   RW         3109    .data               ds402_slave.o
    0x20000994   COMPRESSED   0x00000001   Data   RW         3110    .data               ds402_slave.o
    0x20000995   COMPRESSED   0x00000003   PAD
    0x20000998   COMPRESSED   0x00000004   Data   RW         3111    .data               ds402_slave.o
    0x2000099c   COMPRESSED   0x00000020   Data   RW         3112    .data               ds402_slave.o
    0x200009bc   COMPRESSED   0x00000001   Data   RW         3113    .data               ds402_slave.o
    0x200009bd   COMPRESSED   0x00000003   PAD
    0x200009c0   COMPRESSED   0x00000008   Data   RW         3114    .data               ds402_slave.o
    0x200009c8   COMPRESSED   0x00000030   Data   RW         3115    .data               ds402_slave.o
    0x200009f8   COMPRESSED   0x00000001   Data   RW         3116    .data               ds402_slave.o
    0x200009f9   COMPRESSED   0x00000003   PAD
    0x200009fc   COMPRESSED   0x00000004   Data   RW         3117    .data               ds402_slave.o
    0x20000a00   COMPRESSED   0x00000001   Data   RW         3118    .data               ds402_slave.o
    0x20000a01   COMPRESSED   0x00000001   PAD
    0x20000a02   COMPRESSED   0x00000002   Data   RW         3119    .data               ds402_slave.o
    0x20000a04   COMPRESSED   0x00000001   Data   RW         3120    .data               ds402_slave.o
    0x20000a05   COMPRESSED   0x00000001   PAD
    0x20000a06   COMPRESSED   0x00000002   Data   RW         3121    .data               ds402_slave.o
    0x20000a08   COMPRESSED   0x00000001   Data   RW         3122    .data               ds402_slave.o
    0x20000a09   COMPRESSED   0x00000003   PAD
    0x20000a0c   COMPRESSED   0x00000070   Data   RW         3123    .data               ds402_slave.o
    0x20000a7c   COMPRESSED   0x00000001   Data   RW         3124    .data               ds402_slave.o
    0x20000a7d   COMPRESSED   0x00000003   PAD
    0x20000a80   COMPRESSED   0x00000004   Data   RW         3125    .data               ds402_slave.o
    0x20000a84   COMPRESSED   0x00000001   Data   RW         3126    .data               ds402_slave.o
    0x20000a85   COMPRESSED   0x00000001   PAD
    0x20000a86   COMPRESSED   0x00000002   Data   RW         3127    .data               ds402_slave.o
    0x20000a88   COMPRESSED   0x00000001   Data   RW         3128    .data               ds402_slave.o
    0x20000a89   COMPRESSED   0x00000001   PAD
    0x20000a8a   COMPRESSED   0x00000002   Data   RW         3129    .data               ds402_slave.o
    0x20000a8c   COMPRESSED   0x00000001   Data   RW         3130    .data               ds402_slave.o
    0x20000a8d   COMPRESSED   0x00000003   PAD
    0x20000a90   COMPRESSED   0x00000070   Data   RW         3131    .data               ds402_slave.o
    0x20000b00   COMPRESSED   0x00000001   Data   RW         3132    .data               ds402_slave.o
    0x20000b01   COMPRESSED   0x00000003   PAD
    0x20000b04   COMPRESSED   0x00000004   Data   RW         3133    .data               ds402_slave.o
    0x20000b08   COMPRESSED   0x00000001   Data   RW         3134    .data               ds402_slave.o
    0x20000b09   COMPRESSED   0x00000001   PAD
    0x20000b0a   COMPRESSED   0x00000002   Data   RW         3135    .data               ds402_slave.o
    0x20000b0c   COMPRESSED   0x00000001   Data   RW         3136    .data               ds402_slave.o
    0x20000b0d   COMPRESSED   0x00000001   PAD
    0x20000b0e   COMPRESSED   0x00000002   Data   RW         3137    .data               ds402_slave.o
    0x20000b10   COMPRESSED   0x00000001   Data   RW         3138    .data               ds402_slave.o
    0x20000b11   COMPRESSED   0x00000003   PAD
    0x20000b14   COMPRESSED   0x00000070   Data   RW         3139    .data               ds402_slave.o
    0x20000b84   COMPRESSED   0x00000001   Data   RW         3140    .data               ds402_slave.o
    0x20000b85   COMPRESSED   0x00000003   PAD
    0x20000b88   COMPRESSED   0x00000004   Data   RW         3141    .data               ds402_slave.o
    0x20000b8c   COMPRESSED   0x00000001   Data   RW         3142    .data               ds402_slave.o
    0x20000b8d   COMPRESSED   0x00000001   PAD
    0x20000b8e   COMPRESSED   0x00000002   Data   RW         3143    .data               ds402_slave.o
    0x20000b90   COMPRESSED   0x00000001   Data   RW         3144    .data               ds402_slave.o
    0x20000b91   COMPRESSED   0x00000001   PAD
    0x20000b92   COMPRESSED   0x00000002   Data   RW         3145    .data               ds402_slave.o
    0x20000b94   COMPRESSED   0x00000001   Data   RW         3146    .data               ds402_slave.o
    0x20000b95   COMPRESSED   0x00000003   PAD
    0x20000b98   COMPRESSED   0x00000070   Data   RW         3147    .data               ds402_slave.o
    0x20000c08   COMPRESSED   0x00000001   Data   RW         3148    .data               ds402_slave.o
    0x20000c09   COMPRESSED   0x00000003   PAD
    0x20000c0c   COMPRESSED   0x00000008   Data   RW         3149    .data               ds402_slave.o
    0x20000c14   COMPRESSED   0x00000030   Data   RW         3150    .data               ds402_slave.o
    0x20000c44   COMPRESSED   0x00000001   Data   RW         3151    .data               ds402_slave.o
    0x20000c45   COMPRESSED   0x00000003   PAD
    0x20000c48   COMPRESSED   0x00000004   Data   RW         3152    .data               ds402_slave.o
    0x20000c4c   COMPRESSED   0x00000020   Data   RW         3153    .data               ds402_slave.o
    0x20000c6c   COMPRESSED   0x00000001   Data   RW         3154    .data               ds402_slave.o
    0x20000c6d   COMPRESSED   0x00000003   PAD
    0x20000c70   COMPRESSED   0x00000004   Data   RW         3155    .data               ds402_slave.o
    0x20000c74   COMPRESSED   0x00000020   Data   RW         3156    .data               ds402_slave.o
    0x20000c94   COMPRESSED   0x00000001   Data   RW         3157    .data               ds402_slave.o
    0x20000c95   COMPRESSED   0x00000003   PAD
    0x20000c98   COMPRESSED   0x00000004   Data   RW         3158    .data               ds402_slave.o
    0x20000c9c   COMPRESSED   0x00000020   Data   RW         3159    .data               ds402_slave.o
    0x20000cbc   COMPRESSED   0x00000010   Data   RW         3160    .data               ds402_slave.o
    0x20000ccc   COMPRESSED   0x00000010   Data   RW         3161    .data               ds402_slave.o
    0x20000cdc   COMPRESSED   0x00000010   Data   RW         3162    .data               ds402_slave.o
    0x20000cec   COMPRESSED   0x00000010   Data   RW         3163    .data               ds402_slave.o
    0x20000cfc   COMPRESSED   0x00000010   Data   RW         3164    .data               ds402_slave.o
    0x20000d0c   COMPRESSED   0x00000010   Data   RW         3165    .data               ds402_slave.o
    0x20000d1c   COMPRESSED   0x00000010   Data   RW         3166    .data               ds402_slave.o
    0x20000d2c   COMPRESSED   0x00000010   Data   RW         3167    .data               ds402_slave.o
    0x20000d3c   COMPRESSED   0x00000010   Data   RW         3168    .data               ds402_slave.o
    0x20000d4c   COMPRESSED   0x00000010   Data   RW         3169    .data               ds402_slave.o
    0x20000d5c   COMPRESSED   0x00000010   Data   RW         3170    .data               ds402_slave.o
    0x20000d6c   COMPRESSED   0x00000010   Data   RW         3171    .data               ds402_slave.o
    0x20000d7c   COMPRESSED   0x00000010   Data   RW         3172    .data               ds402_slave.o
    0x20000d8c   COMPRESSED   0x00000010   Data   RW         3173    .data               ds402_slave.o
    0x20000d9c   COMPRESSED   0x00000010   Data   RW         3174    .data               ds402_slave.o
    0x20000dac   COMPRESSED   0x00000010   Data   RW         3175    .data               ds402_slave.o
    0x20000dbc   COMPRESSED   0x00000010   Data   RW         3176    .data               ds402_slave.o
    0x20000dcc   COMPRESSED   0x00000010   Data   RW         3177    .data               ds402_slave.o
    0x20000ddc   COMPRESSED   0x00000010   Data   RW         3178    .data               ds402_slave.o
    0x20000dec   COMPRESSED   0x00000010   Data   RW         3179    .data               ds402_slave.o
    0x20000dfc   COMPRESSED   0x00000010   Data   RW         3180    .data               ds402_slave.o
    0x20000e0c   COMPRESSED   0x00000001   Data   RW         3181    .data               ds402_slave.o
    0x20000e0d   COMPRESSED   0x00000003   PAD
    0x20000e10   COMPRESSED   0x00000030   Data   RW         3182    .data               ds402_slave.o
    0x20000e40   COMPRESSED   0x00000010   Data   RW         3183    .data               ds402_slave.o
    0x20000e50   COMPRESSED   0x00000010   Data   RW         3184    .data               ds402_slave.o
    0x20000e60   COMPRESSED   0x00000010   Data   RW         3185    .data               ds402_slave.o
    0x20000e70   COMPRESSED   0x00000010   Data   RW         3186    .data               ds402_slave.o
    0x20000e80   COMPRESSED   0x00000010   Data   RW         3187    .data               ds402_slave.o
    0x20000e90   COMPRESSED   0x00000010   Data   RW         3188    .data               ds402_slave.o
    0x20000ea0   COMPRESSED   0x00000010   Data   RW         3189    .data               ds402_slave.o
    0x20000eb0   COMPRESSED   0x00000010   Data   RW         3190    .data               ds402_slave.o
    0x20000ec0   COMPRESSED   0x00000010   Data   RW         3191    .data               ds402_slave.o
    0x20000ed0   COMPRESSED   0x00000010   Data   RW         3192    .data               ds402_slave.o
    0x20000ee0   COMPRESSED   0x00000010   Data   RW         3193    .data               ds402_slave.o
    0x20000ef0   COMPRESSED   0x00000010   Data   RW         3194    .data               ds402_slave.o
    0x20000f00   COMPRESSED   0x00000010   Data   RW         3195    .data               ds402_slave.o
    0x20000f10   COMPRESSED   0x00000001   Data   RW         3196    .data               ds402_slave.o
    0x20000f11   COMPRESSED   0x00000003   PAD
    0x20000f14   COMPRESSED   0x00000030   Data   RW         3197    .data               ds402_slave.o
    0x20000f44   COMPRESSED   0x00000010   Data   RW         3198    .data               ds402_slave.o
    0x20000f54   COMPRESSED   0x00000001   Data   RW         3199    .data               ds402_slave.o
    0x20000f55   COMPRESSED   0x00000003   PAD
    0x20000f58   COMPRESSED   0x00000030   Data   RW         3200    .data               ds402_slave.o
    0x20000f88   COMPRESSED   0x00000001   Data   RW         3201    .data               ds402_slave.o
    0x20000f89   COMPRESSED   0x00000003   PAD
    0x20000f8c   COMPRESSED   0x00000030   Data   RW         3202    .data               ds402_slave.o
    0x20000fbc   COMPRESSED   0x00000001   Data   RW         3203    .data               ds402_slave.o
    0x20000fbd   COMPRESSED   0x00000003   PAD
    0x20000fc0   COMPRESSED   0x00000060   Data   RW         3204    .data               ds402_slave.o
    0x20001020   COMPRESSED   0x00000010   Data   RW         3205    .data               ds402_slave.o
    0x20001030   COMPRESSED   0x00000001   Data   RW         3206    .data               ds402_slave.o
    0x20001031   COMPRESSED   0x00000003   PAD
    0x20001034   COMPRESSED   0x00000060   Data   RW         3207    .data               ds402_slave.o
    0x20001094   COMPRESSED   0x00000010   Data   RW         3208    .data               ds402_slave.o
    0x200010a4   COMPRESSED   0x00000048   Data   RW         3209    .data               ds402_slave.o
    0x200010ec   COMPRESSED   0x0000033c   Data   RW         3210    .data               ds402_slave.o
    0x20001428   COMPRESSED   0x00000002   Data   RW         3211    .data               ds402_slave.o
    0x2000142a   COMPRESSED   0x00000002   PAD
    0x2000142c   COMPRESSED   0x00000004   Data   RW         3373    .data               mc_w.l(errno.o)
    0x20001430        -       0x00000190   Zero   RW            5    .bss                main.o
    0x200015c0        -       0x00000020   Zero   RW            8    .bss                main.o
    0x200015e0        -       0x00000800   Zero   RW           15    .bss                main.o
    0x20001de0        -       0x00000800   Zero   RW           16    .bss                main.o
    0x200025e0        -       0x00000800   Zero   RW           17    .bss                main.o
    0x20002de0        -       0x0000000a   Zero   RW          425    .bss                system_init.o
    0x20002dea   COMPRESSED   0x00000002   PAD
    0x20002dec        -       0x000000ec   Zero   RW         1504    .bss                svpwmisr.o
    0x20002ed8        -       0x00000058   Zero   RW         1578    .bss                cia402.o
    0x20002f30        -       0x00000024   Zero   RW         1579    .bss                cia402.o
    0x20002f54        -       0x0000cda0   Zero   RW         1671    .bss                filter.o
    0x2000fcf4        -       0x00000020   Zero   RW         2375    .bss                mbfuncother.o
    0x2000fd14        -       0x0000041e   Zero   RW         2491    .bss                mb.o
    0x20010132        -       0x00000200   Zero   RW         2611    .bss                uart_interface.o
    0x20010332   COMPRESSED   0x00000002   PAD
    0x20010334        -       0x000000c0   Zero   RW         2840    .bss                timer_1.o
    0x200103f4   COMPRESSED   0x00000004   PAD
    0x200103f8        -       0x00001500   Zero   RW          383    STACK               startup_n32g45x.o


==============================================================================

Image component sizes


      Code (inc. data)   RO Data    RW Data    ZI Data      Debug   Object Name

         0          0          0          0          0       1932   _iqnexp.o
       198          0          0          0          0       6496   _iqnmpy.o
      1284         18          0          0          0      19734   _iqnsin_cos.o
         0          0        416          0          0       3230   _iqntables.o
       216         10          0          0          0        767   adc.o
      1116         98         10         24          0     304913   canopen_interface.o
       816        112          0         18        124       1763   cia402.o
      1532         60        555       3624          0      22431   ds402_slave.o
       512          0          0          0          0       3959   emcy.o
       992         46          0         88      52640       5297   filter.o
       154          0          0          0          0       2209   flash_wr.o
      4946        670          0         36          0       9284   function.o
       888          4          0          0          0       5777   lifegrd.o
       252         10          0        682       6576     441245   main.o
      1468         56          0        168       1054      13916   mb.o
        44          6        512          0          0       1408   mbcrc.o
       204          0          0          0          0       6283   mbfunccoils.o
        96          0          0          0          0       1884   mbfuncdisc.o
       242          0          0          0          0       4373   mbfuncholding.o
        76          0          0          0          0       1871   mbfuncinput.o
       100         10          0          2         32       2061   mbfuncother.o
       296         14          0         12          0      10287   mbrtu.o
       100          0          0          0          0       2102   mbutils.o
       168         12          0          0          0       2273   misc.o
      1134         32          0          0          0      13431   n32g45x_adc.o
      1956         46          0          0          0       9396   n32g45x_can.o
       476         10          0          0          0       6006   n32g45x_dma.o
      1432         48          0          0          0       9907   n32g45x_flash.o
       824         40          0          0          0       7356   n32g45x_gpio.o
       956         46         64          0          0      12681   n32g45x_rcc.o
       628         14          0          0          0       7550   n32g45x_spi.o
      3244         68          0          0          0      28353   n32g45x_tim.o
       800         30          0          0          0       8891   n32g45x_usart.o
       104          0          0          0          0       1983   nmtmaster.o
       194          0          0          0          0       1216   nmtslave.o
       452         18          0          0          0       3902   objacces.o
      2058          6          0          0          0       9547   pdo.o
       140          6          0          2          0       1037   pidc.o
       364         10          0         56          0       1666   pidholding.o
       100          0          0          0          0        670   pidids.o
       196         14          0          4          0        964   pidiqs.o
       248         20          0          8          0       1280   pidposition.o
       276         12          0        126          0       2869   pidspeed.o
       352         10          0         10          0       1385   pidtorque.o
        48          4          0          2          0       1732   portevent.o
        10          0          0          0          0       1277   portserial.o
       328         14          0          0          0       1203   pwm_step.o
      8000         60          0          0          0      21769   sdo.o
      5968         78          0         16          0       7179   speedplan2.o
       504         26          0          4          0       3297   spi.o
        36          8        408          0       5376        944   startup_n32g45x.o
       852         20         64          0          0       4875   states.o
       876         12          0          4          0       3419   svpwm_steper.o
      2432        170          0         60        236       4408   svpwmisr.o
       260          6          0          0          0      17152   sync.o
       296         30          0          6         10       2358   system_init.o
       416         58         16          4          0       2383   system_n32g45x.o
       900         40          0          4          0      33362   systemclock.o
       190          0          0          0          0       1074   timer.o
       320         10          0          8        192       4074   timer_1.o
      5044        506          0         24        512       6941   uart_interface.o
      2316        302          0          8          0       2819   uartmode.o

    ----------------------------------------------------------------------
     60448       2900       2084       5164      66760    1125851   Object Totals
         0          0         32          0          0          0   (incl. Generated)
        18          0          7        164          8          0   (incl. Padding)

    ----------------------------------------------------------------------

      Code (inc. data)   RO Data    RW Data    ZI Data      Debug   Library Member Name

        38          0          0          0          0        116   fpclassifyf.o
        74         24          0          0          0        580   funder.o
      1636        110        320          0          0        372   powf.o
        58          0          0          0          0        136   sqrtf.o
        86          0          0          0          0          0   __dczerorl2.o
         0          0          0          0          0          0   entry.o
         0          0          0          0          0          0   entry10a.o
         0          0          0          0          0          0   entry11a.o
         8          4          0          0          0          0   entry2.o
         4          0          0          0          0          0   entry5.o
         0          0          0          0          0          0   entry7b.o
         0          0          0          0          0          0   entry8b.o
         8          4          0          0          0          0   entry9a.o
        12          6          0          4          0         68   errno.o
        30          0          0          0          0          0   handlers.o
        36          8          0          0          0         68   init.o
         0          0          0          0          0          0   iusefp.o
        30          0          0          0          0         68   llshl.o
        36          0          0          0          0         68   llsshr.o
        32          0          0          0          0         68   llushr.o
        26          0          0          0          0         80   memcmp.o
        36          0          0          0          0         68   memcpya.o
        36          0          0          0          0        108   memseta.o
        28          0          0          0          0         76   strcmp.o
        56          0          0          0          0         88   d2f.o
       334          0          0          0          0        148   dadd.o
       222          0          0          0          0        100   ddiv.o
       186          0          0          0          0        176   depilogue.o
        62          0          0          0          0         80   dfixi.o
        34          0          0          0          0         76   dflti.o
       228          0          0          0          0         96   dmul.o
        38          0          0          0          0         68   f2d.o
       110          0          0          0          0        168   fepilogue.o
         4          0          0          0          0         68   fpstat.o

    ----------------------------------------------------------------------
      3496        156        320          4          0       2944   Library Totals
         8          0          0          0          0          0   (incl. Padding)

    ----------------------------------------------------------------------

      Code (inc. data)   RO Data    RW Data    ZI Data      Debug   Library Name

      1806        134        320          0          0       1204   m_wm.l
       408         22          0          4          0        672   mc_w.l
      1274          0          0          0          0       1068   mf_w.l

    ----------------------------------------------------------------------
      3496        156        320          4          0       2944   Library Totals

    ----------------------------------------------------------------------

==============================================================================


      Code (inc. data)   RO Data    RW Data    ZI Data      Debug   

     63944       3056       2404       5168      66760    1114447   Grand Totals
     63944       3056       2404       1228      66760    1114447   ELF Image Totals (compressed)
     63944       3056       2404       1228          0          0   ROM Totals

==============================================================================

    Total RO  Size (Code + RO Data)                66348 (  64.79kB)
    Total RW  Size (RW Data + ZI Data)             71928 (  70.24kB)
    Total ROM Size (Code + RO Data + RW Data)      67576 (  65.99kB)

==============================================================================

